main.c:156:6:HAL_UART_RxCpltCallback	16	static
main.c:246:5:main	8	static
main.c:294:6:SystemClock_Config	88	static
main.c:338:13:MX_TIM3_Init	64	static
main.c:397:13:MX_USART2_UART_Init	8	static
main.c:430:13:MX_GPIO_Init	48	static
main.c:459:6:HAL_TIM_PeriodElapsedCallback	16	static
main.c:497:6:tick	8	static
main.c:526:6:render	8	static
main.c:534:6:welcome	16	static
main.c:549:6:initial	8	static
main.c:566:6:gameover	8	static
main.c:571:9:checkIfScore	16	static
main.c:584:6:drawScoreBar	24	static
main.c:600:6:drawPaddle	24	static
main.c:629:6:drawZoneLine	16	static
main.c:640:6:drawBall	16	static
main.c:666:6:updateBallPosition	40	static
main.c:711:6:resetPosition	8	static
main.c:719:6:resetVelocity	4	static
main.c:724:6:resetScore	4	static
main.c:728:6:reset	8	static
main.c:741:6:setPaddlePostion	16	static
main.c:745:6:setBallPosition	24	static
main.c:751:5:boundMaxMin	24	static
main.c:757:6:print	72	static
main.c:763:6:set_cursor	72	static
main.c:769:6:clrscr	24	static
main.c:776:6:printGameTitle	24	static
main.c:815:6:printHTP	72	static
main.c:838:6:printGameOver	72	static
main.c:882:6:printCredit	24	static
main.c:890:6:setBackgroundColor	72	static
main.c:896:6:setForegroundColor	72	static
main.c:906:6:Error_Handler	4	static
