main.c:138:6:HAL_UART_RxCpltCallback	16	static
main.c:221:5:main	8	static
main.c:269:6:SystemClock_Config	88	static
main.c:313:13:MX_TIM3_Init	64	static
main.c:372:13:MX_USART2_UART_Init	8	static
main.c:405:13:MX_GPIO_Init	48	static
main.c:434:6:HAL_TIM_PeriodElapsedCallback	16	static
main.c:471:6:tick	8	static
main.c:500:6:render	8	static
main.c:508:6:welcome	8	static
main.c:518:6:initial	8	static
main.c:527:6:gameover	8	static
main.c:532:9:checkIfScore	16	static
main.c:545:6:drawScoreBar	24	static
main.c:557:6:drawPaddle	24	static
main.c:580:6:drawZoneLine	16	static
main.c:587:6:drawBall	16	static
main.c:602:6:updateBallPosition	24	static
main.c:625:6:resetPosition	8	static
main.c:633:6:resetScore	4	static
main.c:637:6:reset	8	static
main.c:649:6:setPaddlePostion	16	static
main.c:653:6:setBallPosition	24	static
main.c:659:5:boundMaxMin	24	static
main.c:665:6:print	72	static
main.c:671:6:set_cursor	72	static
main.c:677:6:clrscr	24	static
main.c:684:6:printGameTitle	24	static
main.c:698:6:printHTP	72	static
main.c:720:6:printGameOver	72	static
main.c:761:6:printCredit	4	static
main.c:770:6:Error_Handler	4	static
